[2026-06-29 00:00:37] [INFO] User registered | Data: {"email":"emefa@gmail.com"}
[2026-06-29 00:02:57] [INFO] User registered | Data: {"email":"john@gmail.com"}
[2026-06-29 00:26:28] [WARNING] Failed login attempt | Data: {"email":"user@gmail.com"}
[2026-06-29 00:27:16] [WARNING] Failed login attempt | Data: {"email":"emefa@gmail.com"}
[2026-06-29 00:27:44] [WARNING] Failed login attempt | Data: {"email":"john@gmail.com"}
[2026-06-29 00:28:25] [WARNING] Failed login attempt | Data: {"email":"john@gmail.com"}
[2026-06-29 00:32:09] [INFO] User logged in | Data: {"email":"john@gmail.com"}
[2026-06-29 00:33:38] [INFO] User logged in | Data: {"email":"john@gmail.com"}
[2026-06-29 00:33:50] [INFO] User logged in | Data: {"email":"john@gmail.com"}
[2026-06-29 00:35:33] [INFO] User logged in | Data: {"email":"john@gmail.com"}
[2026-06-29 19:01:35] [INFO] User registered | Data: {"email":"emefa1@gmail.com"}
[2026-06-29 19:09:36] [INFO] User logged in | Data: {"email":"emefa1@gmail.com"}
[2026-06-29 19:35:19] [INFO] User logged in | Data: {"email":"emefa1@gmail.com"}
[2026-06-29 19:43:53] [INFO] User logged in | Data: {"email":"emefa1@gmail.com"}
[2026-06-29 20:12:14] [INFO] Combo package created | Data: {"packageId":1,"userId":4}
[2026-06-30 18:35:46] [INFO] User logged in | Data: {"email":"emefa1@gmail.com"}
[2026-06-30 18:46:40] [WARNING] Failed login attempt | Data: {"email":"emefa@gmail.com"}
[2026-06-30 18:46:50] [INFO] User logged in | Data: {"email":"emefa1@gmail.com"}
[2026-06-30 19:04:37] [INFO] User logged in | Data: {"email":"emefa1@gmail.com"}
[2026-07-01 22:45:14] [INFO] User logged in | Data: {"email":"emefa1@gmail.com"}
[2026-07-02 15:49:41] [INFO] Order created | Data: {"orderId":4450,"userId":4}
[2026-07-02 16:02:08] [INFO] Order created | Data: {"orderId":4451,"userId":4}
[2026-07-02 16:09:29] [INFO] User logged in | Data: {"email":"emefa1@gmail.com"}
[2026-07-02 22:56:43] [INFO] User logged in | Data: {"email":"emefa1@gmail.com"}
[2026-07-06 14:06:30] [INFO] User logged in | Data: {"email":"emefa1@gmail.com"}
[2026-07-06 22:18:35] [INFO] User logged in | Data: {"email":"emefa1@gmail.com"}
[2026-07-07 14:15:59] [INFO] User logged in | Data: {"email":"emefa1@gmail.com"}
[2026-07-07 20:11:16] [INFO] User registered | Data: {"email":"jennifer55@gmal.com"}
[2026-07-07 20:19:44] [WARNING] Failed login attempt | Data: {"email":"jennifer55@gmal.com"}
[2026-07-07 20:19:54] [WARNING] Failed login attempt | Data: {"email":"jennifer55@gmal.com"}
[2026-07-07 20:20:43] [INFO] User logged in | Data: {"email":"jennifer55@gmal.com"}
[2026-07-07 21:23:08] [WARNING] Failed login attempt | Data: {"email":"emefa@gamil.com"}
[2026-07-07 21:23:14] [WARNING] Failed login attempt | Data: {"email":"emefa@gamil.com"}
[2026-07-07 21:23:22] [WARNING] Failed login attempt | Data: {"email":"emefa@gamil.com"}
[2026-07-07 21:23:30] [WARNING] Failed login attempt | Data: {"email":"emefa@gamil.com"}
[2026-07-07 21:30:44] [WARNING] Failed login attempt | Data: {"email":"emefa@gamil.com"}
[2026-07-07 21:31:00] [WARNING] Failed login attempt | Data: {"email":"emefa1@gamil.com"}
[2026-07-07 21:32:11] [INFO] User logged in | Data: {"email":"emefa1@gmail.com"}
[2026-07-07 21:42:55] [INFO] User logged in | Data: {"email":"emefa1@gmail.com"}
[2026-07-07 22:05:39] [INFO] User logged in | Data: {"email":"emefa1@gmail.com"}
[2026-07-07 22:10:05] [INFO] User logged in | Data: {"email":"emefa1@gmail.com"}
[2026-07-07 22:12:08] [INFO] User logged in | Data: {"email":"emefa1@gmail.com"}
[2026-07-07 22:13:05] [INFO] User logged in | Data: {"email":"emefa1@gmail.com"}
[2026-07-07 22:13:24] [INFO] User logged in | Data: {"email":"emefa1@gmail.com"}
[2026-07-07 22:14:07] [INFO] User logged in | Data: {"email":"emefa1@gmail.com"}
[2026-07-07 22:14:20] [INFO] User logged in | Data: {"email":"emefa1@gmail.com"}
[2026-07-07 22:15:00] [INFO] User logged in | Data: {"email":"emefa1@gmail.com"}
[2026-07-07 22:20:24] [INFO] Combo package created | Data: {"packageId":2,"userId":4}
[2026-07-07 22:24:41] [INFO] User logged in | Data: {"email":"emefa1@gmail.com"}
[2026-07-07 22:58:39] [INFO] Package published | Data: {"packageId":"2"}
[2026-07-09 13:41:59] [INFO] User logged in | Data: {"email":"emefa1@gmail.com"}
[2026-07-09 14:26:40] [INFO] User logged in | Data: {"email":"emefa1@gmail.com"}
[2026-07-09 14:46:59] [INFO] User logged in | Data: {"email":"emefa1@gmail.com"}
[2026-07-09 17:53:15] [INFO] User logged in | Data: {"email":"emefa1@gmail.com"}
[2026-07-09 22:51:12] [INFO] Order created | Data: {"orderId":4452,"userId":4}
[2026-07-09 22:52:00] [INFO] Order created | Data: {"orderId":4453,"userId":4}
[2026-07-12 20:40:50] [INFO] User logged in | Data: {"email":"emefa1@gmail.com"}
[2026-07-12 23:02:30] [INFO] Payment verified | Data: {"reference":"TXN-20260712223307-9172"}
[2026-07-12 23:40:08] [INFO] Order created | Data: {"orderId":4462,"userId":4}
[2026-07-12 23:41:06] [INFO] Order created | Data: {"orderId":4463,"userId":4}
[2026-07-13 00:07:09] [INFO] Payment verified | Data: {"reference":"TXN-20260712223307-9172"}
[2026-07-13 14:13:35] [INFO] User logged in | Data: {"email":"emefa1@gmail.com"}
[2026-07-13 14:26:53] [INFO] Order status updated | Data: {"orderId":"14449","status":"pending"}
[2026-07-13 14:31:46] [INFO] Order cancelled | Data: {"orderId":"4449","userId":4}
[2026-07-14 11:44:23] [INFO] User logged in | Data: {"email":"emefa1@gmail.com"}
[2026-07-14 22:07:38] [INFO] User logged in | Data: {"email":"emefa1@gmail.com"}
[2026-07-16 17:36:19] [INFO] User logged in | Data: {"email":"emefa1@gmail.com"}
[2026-07-16 19:15:34] [INFO] User logged in | Data: {"email":"emefa1@gmail.com"}
[2026-07-16 21:16:54] [INFO] User logged in | Data: {"email":"emefa1@gmail.com"}
[2026-07-16 21:17:15] [INFO] User logged in | Data: {"email":"emefa1@gmail.com"}
[2026-07-16 22:01:05] [INFO] User logged in | Data: {"email":"emefa1@gmail.com"}
[2026-07-16 22:29:24] [INFO] User logged in | Data: {"email":"emefa1@gmail.com"}
[2026-07-17 17:44:32] [INFO] User logged in | Data: {"email":"emefa1@gmail.com"}
[2026-07-17 18:01:49] [INFO] Order created | Data: {"orderId":4473,"userId":4}
[2026-07-19 01:26:08] [INFO] User logged in | Data: {"email":"emefa1@gmail.com"}
[2026-07-19 23:51:40] [WARNING] Failed login attempt | Data: {"email":"dzahjennifer53@gmail.com"}
[2026-07-19 23:54:03] [INFO] User registered | Data: {"email":"dzahjennifer53@gmail.com"}
[2026-07-20 00:00:55] [INFO] User registered | Data: {"email":"dzahjennifer@gmail.com"}
[2026-07-20 00:01:17] [INFO] Order created | Data: {"orderId":4474,"userId":7}
[2026-07-21 22:44:25] [INFO] User logged in | Data: {"email":"emefa1@gmail.com"}
[2026-07-22 22:00:09] [WARNING] Failed login attempt | Data: {"email":"emefa1@gmail.com"}
[2026-07-22 22:00:24] [WARNING] Failed login attempt | Data: {"email":"emefa2@gmail.com"}
[2026-07-22 22:00:36] [WARNING] Failed login attempt | Data: {"email":"emefa2@email.com"}
[2026-07-22 22:01:32] [INFO] User registered | Data: {"email":"owusu@gmail.com"}
[2026-07-22 22:01:58] [INFO] User logged in | Data: {"email":"owusu@gmail.com"}
[2026-07-22 22:11:40] [WARNING] Failed login attempt | Data: {"email":"admin@gwc.com"}
[2026-07-22 22:11:44] [WARNING] Failed login attempt | Data: {"email":"admin@gwc.com"}
[2026-07-22 22:13:37] [INFO] User logged in | Data: {"email":"emefa1@gmail.com"}
[2026-07-22 22:58:57] [INFO] User logged in | Data: {"email":"emefa1@gmail.com"}
[2026-07-22 22:58:58] [INFO] User logged in | Data: {"email":"emefa1@gmail.com"}
[2026-07-22 23:01:27] [INFO] User logged in | Data: {"email":"emefa1@gmail.com"}
[2026-07-22 23:12:01] [INFO] User logged in | Data: {"email":"emefa1@gmail.com"}
[2026-07-22 23:37:50] [INFO] User logged in | Data: {"email":"emefa1@gmail.com"}
[2026-07-22 23:40:45] [INFO] User logged in | Data: {"email":"emefa1@gmail.com"}
[2026-07-24 15:11:55] [INFO] User logged in | Data: {"email":"emefa1@gmail.com"}
[2026-07-24 15:21:53] [INFO] User logged in | Data: {"email":"emefa1@gmail.com"}
[2026-07-24 15:22:29] [INFO] Order created | Data: {"orderId":4475,"userId":4}
[2026-07-25 21:48:27] [INFO] User logged in | Data: {"email":"emefa1@gmail.com"}
[2026-07-27 14:34:23] [INFO] User logged in | Data: {"email":"emefa1@gmail.com"}
[2026-07-27 14:39:33] [INFO] User logged in | Data: {"email":"owusu@gmail.com"}
[2026-07-27 14:46:40] [INFO] User logged in | Data: {"email":"owusu@gmail.com"}
[2026-07-27 15:30:00] [INFO] User logged in | Data: {"email":"emefa1@gmail.com"}
[2026-07-27 15:35:57] [WARNING] Failed login attempt | Data: {"email":"2026.@example.co"}
[2026-07-27 18:22:20] [WARNING] Failed login attempt | Data: {"email":"2026@example.com"}
[2026-07-27 18:22:26] [WARNING] Failed login attempt | Data: {"email":"2026@example.com"}
[2026-07-27 18:22:33] [WARNING] Failed login attempt | Data: {"email":"2026@example.com"}
[2026-07-27 18:22:44] [WARNING] Failed login attempt | Data: {"email":"2026@example.com"}
[2026-07-27 18:22:57] [WARNING] Failed login attempt | Data: {"email":"2026@example.com"}
[2026-07-27 18:33:18] [INFO] User logged in | Data: {"email":"emefa1@gmail.com"}
[2026-07-27 19:44:30] [INFO] User logged in | Data: {"email":"emefa1@gmail.com"}
[2026-07-31 14:49:43] [INFO] User logged in | Data: {"email":"emefa1@gmail.com"}
